Archive member included to satisfy reference by file (symbol)

c:/ti/ccsv8/tools/compiler/gcc-arm-none-eabi-7-2017-q4-major-win32/bin/../lib/gcc/arm-none-eabi/7.2.1/../../../../arm-none-eabi/lib/thumb/v7e-m/fpv4-sp/hard\libg.a(lib_a-exit.o)
                              c:/ti/ccsv8/tools/compiler/gcc-arm-none-eabi-7-2017-q4-major-win32/bin/../lib/gcc/arm-none-eabi/7.2.1/../../../../arm-none-eabi/lib/thumb/v7e-m/fpv4-sp/hard/crt0.o (exit)
c:/ti/ccsv8/tools/compiler/gcc-arm-none-eabi-7-2017-q4-major-win32/bin/../lib/gcc/arm-none-eabi/7.2.1/../../../../arm-none-eabi/lib/thumb/v7e-m/fpv4-sp/hard\libg.a(lib_a-impure.o)
                              c:/ti/ccsv8/tools/compiler/gcc-arm-none-eabi-7-2017-q4-major-win32/bin/../lib/gcc/arm-none-eabi/7.2.1/../../../../arm-none-eabi/lib/thumb/v7e-m/fpv4-sp/hard\libg.a(lib_a-exit.o) (_global_impure_ptr)
c:/ti/ccsv8/tools/compiler/gcc-arm-none-eabi-7-2017-q4-major-win32/bin/../lib/gcc/arm-none-eabi/7.2.1/../../../../arm-none-eabi/lib/thumb/v7e-m/fpv4-sp/hard\libg.a(lib_a-init.o)
                              c:/ti/ccsv8/tools/compiler/gcc-arm-none-eabi-7-2017-q4-major-win32/bin/../lib/gcc/arm-none-eabi/7.2.1/../../../../arm-none-eabi/lib/thumb/v7e-m/fpv4-sp/hard/crt0.o (__libc_init_array)
c:/ti/ccsv8/tools/compiler/gcc-arm-none-eabi-7-2017-q4-major-win32/bin/../lib/gcc/arm-none-eabi/7.2.1/../../../../arm-none-eabi/lib/thumb/v7e-m/fpv4-sp/hard\libg.a(lib_a-memcpy.o)
                              ./FreeRTOS/Source/queue.o (memcpy)
c:/ti/ccsv8/tools/compiler/gcc-arm-none-eabi-7-2017-q4-major-win32/bin/../lib/gcc/arm-none-eabi/7.2.1/../../../../arm-none-eabi/lib/thumb/v7e-m/fpv4-sp/hard\libg.a(lib_a-memset.o)
                              c:/ti/ccsv8/tools/compiler/gcc-arm-none-eabi-7-2017-q4-major-win32/bin/../lib/gcc/arm-none-eabi/7.2.1/../../../../arm-none-eabi/lib/thumb/v7e-m/fpv4-sp/hard/crt0.o (memset)
c:/ti/ccsv8/tools/compiler/gcc-arm-none-eabi-7-2017-q4-major-win32/bin/../lib/gcc/arm-none-eabi/7.2.1/../../../../arm-none-eabi/lib/thumb/v7e-m/fpv4-sp/hard\libg.a(lib_a-__call_atexit.o)
                              c:/ti/ccsv8/tools/compiler/gcc-arm-none-eabi-7-2017-q4-major-win32/bin/../lib/gcc/arm-none-eabi/7.2.1/../../../../arm-none-eabi/lib/thumb/v7e-m/fpv4-sp/hard\libg.a(lib_a-exit.o) (__call_exitprocs)
c:/ti/ccsv8/tools/compiler/gcc-arm-none-eabi-7-2017-q4-major-win32/bin/../lib/gcc/arm-none-eabi/7.2.1/../../../../arm-none-eabi/lib/thumb/v7e-m/fpv4-sp/hard\libg.a(lib_a-atexit.o)
                              c:/ti/ccsv8/tools/compiler/gcc-arm-none-eabi-7-2017-q4-major-win32/bin/../lib/gcc/arm-none-eabi/7.2.1/../../../../arm-none-eabi/lib/thumb/v7e-m/fpv4-sp/hard\libg.a(lib_a-__call_atexit.o) (atexit)
c:/ti/ccsv8/tools/compiler/gcc-arm-none-eabi-7-2017-q4-major-win32/bin/../lib/gcc/arm-none-eabi/7.2.1/../../../../arm-none-eabi/lib/thumb/v7e-m/fpv4-sp/hard\libg.a(lib_a-fini.o)
                              c:/ti/ccsv8/tools/compiler/gcc-arm-none-eabi-7-2017-q4-major-win32/bin/../lib/gcc/arm-none-eabi/7.2.1/../../../../arm-none-eabi/lib/thumb/v7e-m/fpv4-sp/hard\libg.a(lib_a-__call_atexit.o) (__libc_fini_array)
c:/ti/ccsv8/tools/compiler/gcc-arm-none-eabi-7-2017-q4-major-win32/bin/../lib/gcc/arm-none-eabi/7.2.1/../../../../arm-none-eabi/lib/thumb/v7e-m/fpv4-sp/hard\libg.a(lib_a-lock.o)
                              c:/ti/ccsv8/tools/compiler/gcc-arm-none-eabi-7-2017-q4-major-win32/bin/../lib/gcc/arm-none-eabi/7.2.1/../../../../arm-none-eabi/lib/thumb/v7e-m/fpv4-sp/hard\libg.a(lib_a-__call_atexit.o) (__retarget_lock_acquire_recursive)
c:/ti/ccsv8/tools/compiler/gcc-arm-none-eabi-7-2017-q4-major-win32/bin/../lib/gcc/arm-none-eabi/7.2.1/../../../../arm-none-eabi/lib/thumb/v7e-m/fpv4-sp/hard\libg.a(lib_a-__atexit.o)
                              c:/ti/ccsv8/tools/compiler/gcc-arm-none-eabi-7-2017-q4-major-win32/bin/../lib/gcc/arm-none-eabi/7.2.1/../../../../arm-none-eabi/lib/thumb/v7e-m/fpv4-sp/hard\libg.a(lib_a-atexit.o) (__register_exitproc)
c:/ti/ccsv8/tools/compiler/gcc-arm-none-eabi-7-2017-q4-major-win32/bin/../lib/gcc/arm-none-eabi/7.2.1/../../../../arm-none-eabi/lib/thumb/v7e-m/fpv4-sp/hard\libnosys.a(_exit.o)
                              c:/ti/ccsv8/tools/compiler/gcc-arm-none-eabi-7-2017-q4-major-win32/bin/../lib/gcc/arm-none-eabi/7.2.1/../../../../arm-none-eabi/lib/thumb/v7e-m/fpv4-sp/hard\libg.a(lib_a-exit.o) (_exit)

Allocating common symbols
Common symbol       size              file

__lock___atexit_recursive_mutex
                    0x1               c:/ti/ccsv8/tools/compiler/gcc-arm-none-eabi-7-2017-q4-major-win32/bin/../lib/gcc/arm-none-eabi/7.2.1/../../../../arm-none-eabi/lib/thumb/v7e-m/fpv4-sp/hard\libg.a(lib_a-lock.o)
__lock___arc4random_mutex
                    0x1               c:/ti/ccsv8/tools/compiler/gcc-arm-none-eabi-7-2017-q4-major-win32/bin/../lib/gcc/arm-none-eabi/7.2.1/../../../../arm-none-eabi/lib/thumb/v7e-m/fpv4-sp/hard\libg.a(lib_a-lock.o)
__lock___env_recursive_mutex
                    0x1               c:/ti/ccsv8/tools/compiler/gcc-arm-none-eabi-7-2017-q4-major-win32/bin/../lib/gcc/arm-none-eabi/7.2.1/../../../../arm-none-eabi/lib/thumb/v7e-m/fpv4-sp/hard\libg.a(lib_a-lock.o)
__lock___sinit_recursive_mutex
                    0x1               c:/ti/ccsv8/tools/compiler/gcc-arm-none-eabi-7-2017-q4-major-win32/bin/../lib/gcc/arm-none-eabi/7.2.1/../../../../arm-none-eabi/lib/thumb/v7e-m/fpv4-sp/hard\libg.a(lib_a-lock.o)
__lock___malloc_recursive_mutex
                    0x1               c:/ti/ccsv8/tools/compiler/gcc-arm-none-eabi-7-2017-q4-major-win32/bin/../lib/gcc/arm-none-eabi/7.2.1/../../../../arm-none-eabi/lib/thumb/v7e-m/fpv4-sp/hard\libg.a(lib_a-lock.o)
__lock___at_quick_exit_mutex
                    0x1               c:/ti/ccsv8/tools/compiler/gcc-arm-none-eabi-7-2017-q4-major-win32/bin/../lib/gcc/arm-none-eabi/7.2.1/../../../../arm-none-eabi/lib/thumb/v7e-m/fpv4-sp/hard\libg.a(lib_a-lock.o)
__lock___dd_hash_mutex
                    0x1               c:/ti/ccsv8/tools/compiler/gcc-arm-none-eabi-7-2017-q4-major-win32/bin/../lib/gcc/arm-none-eabi/7.2.1/../../../../arm-none-eabi/lib/thumb/v7e-m/fpv4-sp/hard\libg.a(lib_a-lock.o)
__lock___tz_mutex   0x1               c:/ti/ccsv8/tools/compiler/gcc-arm-none-eabi-7-2017-q4-major-win32/bin/../lib/gcc/arm-none-eabi/7.2.1/../../../../arm-none-eabi/lib/thumb/v7e-m/fpv4-sp/hard\libg.a(lib_a-lock.o)
__lock___sfp_recursive_mutex
                    0x1               c:/ti/ccsv8/tools/compiler/gcc-arm-none-eabi-7-2017-q4-major-win32/bin/../lib/gcc/arm-none-eabi/7.2.1/../../../../arm-none-eabi/lib/thumb/v7e-m/fpv4-sp/hard\libg.a(lib_a-lock.o)

Memory Configuration

Name             Origin             Length             Attributes
FLASH            0x00000000         0x00040000         xr
SRAM             0x20000000         0x00008000         xw
*default*        0x00000000         0xffffffff

Linker script and memory map

LOAD c:/ti/ccsv8/tools/compiler/gcc-arm-none-eabi-7-2017-q4-major-win32/bin/../lib/gcc/arm-none-eabi/7.2.1/thumb/v7e-m/fpv4-sp/hard/crti.o
LOAD c:/ti/ccsv8/tools/compiler/gcc-arm-none-eabi-7-2017-q4-major-win32/bin/../lib/gcc/arm-none-eabi/7.2.1/thumb/v7e-m/fpv4-sp/hard/crtbegin.o
LOAD c:/ti/ccsv8/tools/compiler/gcc-arm-none-eabi-7-2017-q4-major-win32/bin/../lib/gcc/arm-none-eabi/7.2.1/../../../../arm-none-eabi/lib/thumb/v7e-m/fpv4-sp/hard/crt0.o
LOAD ./adc.o
LOAD ./gpio.o
LOAD ./leds.o
LOAD ./main.o
LOAD ./spi_config.o
LOAD ./status_led.o
LOAD ./tm4c123gh6pm_startup_ccs_gcc.o
LOAD ./FreeRTOS/Source/croutine.o
LOAD ./FreeRTOS/Source/event_groups.o
LOAD ./FreeRTOS/Source/list.o
LOAD ./FreeRTOS/Source/queue.o
LOAD ./FreeRTOS/Source/stream_buffer.o
LOAD ./FreeRTOS/Source/tasks.o
LOAD ./FreeRTOS/Source/timers.o
LOAD ./FreeRTOS/Source/portable/GCC/ARM_CM4F/port.o
LOAD ./FreeRTOS/Source/portable/MemMang/heap_2.o
LOAD ./inc/systick_frt.o
                0x00000000                PROVIDE (_intvecs_base_address, 0x0)

.intvecs        0x00000000      0x26c
 *(.intvecs)
 .intvecs       0x00000000      0x26c ./tm4c123gh6pm_startup_ccs_gcc.o
                0x00000000                g_pfnVectors
                0x20000000                PROVIDE (_vtable_base_address, 0x20000000)

.vtable
 *(.vtable)

.text           0x00000270     0x2f40
 CREATE_OBJECT_SYMBOLS
 *(.text)
 .text          0x00000270        0x0 c:/ti/ccsv8/tools/compiler/gcc-arm-none-eabi-7-2017-q4-major-win32/bin/../lib/gcc/arm-none-eabi/7.2.1/thumb/v7e-m/fpv4-sp/hard/crti.o
 .text          0x00000270       0x40 c:/ti/ccsv8/tools/compiler/gcc-arm-none-eabi-7-2017-q4-major-win32/bin/../lib/gcc/arm-none-eabi/7.2.1/thumb/v7e-m/fpv4-sp/hard/crtbegin.o
 .text          0x000002b0       0x74 c:/ti/ccsv8/tools/compiler/gcc-arm-none-eabi-7-2017-q4-major-win32/bin/../lib/gcc/arm-none-eabi/7.2.1/../../../../arm-none-eabi/lib/thumb/v7e-m/fpv4-sp/hard/crt0.o
                0x000002b0                _start
                0x000002b0                _mainCRTStartup
 .text          0x00000324        0x0 ./adc.o
 .text          0x00000324        0x0 ./gpio.o
 .text          0x00000324        0x0 ./leds.o
 .text          0x00000324        0x0 ./main.o
 .text          0x00000324        0x0 ./spi_config.o
 .text          0x00000324        0x0 ./status_led.o
 .text          0x00000324        0x0 ./tm4c123gh6pm_startup_ccs_gcc.o
 .text          0x00000324        0x0 ./FreeRTOS/Source/croutine.o
 .text          0x00000324        0x0 ./FreeRTOS/Source/event_groups.o
 .text          0x00000324        0x0 ./FreeRTOS/Source/list.o
 .text          0x00000324        0x0 ./FreeRTOS/Source/queue.o
 .text          0x00000324        0x0 ./FreeRTOS/Source/stream_buffer.o
 .text          0x00000324        0x0 ./FreeRTOS/Source/tasks.o
 .text          0x00000324        0x0 ./FreeRTOS/Source/timers.o
 .text          0x00000324        0x0 ./FreeRTOS/Source/portable/GCC/ARM_CM4F/port.o
 .text          0x00000324        0x0 ./FreeRTOS/Source/portable/MemMang/heap_2.o
 .text          0x00000324        0x0 ./inc/systick_frt.o
 .text          0x00000324        0x0 c:/ti/ccsv8/tools/compiler/gcc-arm-none-eabi-7-2017-q4-major-win32/bin/../lib/gcc/arm-none-eabi/7.2.1/../../../../arm-none-eabi/lib/thumb/v7e-m/fpv4-sp/hard\libg.a(lib_a-exit.o)
 .text          0x00000324        0x0 c:/ti/ccsv8/tools/compiler/gcc-arm-none-eabi-7-2017-q4-major-win32/bin/../lib/gcc/arm-none-eabi/7.2.1/../../../../arm-none-eabi/lib/thumb/v7e-m/fpv4-sp/hard\libg.a(lib_a-impure.o)
 .text          0x00000324        0x0 c:/ti/ccsv8/tools/compiler/gcc-arm-none-eabi-7-2017-q4-major-win32/bin/../lib/gcc/arm-none-eabi/7.2.1/../../../../arm-none-eabi/lib/thumb/v7e-m/fpv4-sp/hard\libg.a(lib_a-init.o)
 .text          0x00000324      0x134 c:/ti/ccsv8/tools/compiler/gcc-arm-none-eabi-7-2017-q4-major-win32/bin/../lib/gcc/arm-none-eabi/7.2.1/../../../../arm-none-eabi/lib/thumb/v7e-m/fpv4-sp/hard\libg.a(lib_a-memcpy.o)
                0x00000324                memcpy
 .text          0x00000458        0x0 c:/ti/ccsv8/tools/compiler/gcc-arm-none-eabi-7-2017-q4-major-win32/bin/../lib/gcc/arm-none-eabi/7.2.1/../../../../arm-none-eabi/lib/thumb/v7e-m/fpv4-sp/hard\libg.a(lib_a-memset.o)
 .text          0x00000458        0x0 c:/ti/ccsv8/tools/compiler/gcc-arm-none-eabi-7-2017-q4-major-win32/bin/../lib/gcc/arm-none-eabi/7.2.1/../../../../arm-none-eabi/lib/thumb/v7e-m/fpv4-sp/hard\libg.a(lib_a-__call_atexit.o)
 .text          0x00000458        0x0 c:/ti/ccsv8/tools/compiler/gcc-arm-none-eabi-7-2017-q4-major-win32/bin/../lib/gcc/arm-none-eabi/7.2.1/../../../../arm-none-eabi/lib/thumb/v7e-m/fpv4-sp/hard\libg.a(lib_a-atexit.o)
 .text          0x00000458        0x0 c:/ti/ccsv8/tools/compiler/gcc-arm-none-eabi-7-2017-q4-major-win32/bin/../lib/gcc/arm-none-eabi/7.2.1/../../../../arm-none-eabi/lib/thumb/v7e-m/fpv4-sp/hard\libg.a(lib_a-fini.o)
 .text          0x00000458        0x0 c:/ti/ccsv8/tools/compiler/gcc-arm-none-eabi-7-2017-q4-major-win32/bin/../lib/gcc/arm-none-eabi/7.2.1/../../../../arm-none-eabi/lib/thumb/v7e-m/fpv4-sp/hard\libg.a(lib_a-lock.o)
 .text          0x00000458        0x0 c:/ti/ccsv8/tools/compiler/gcc-arm-none-eabi-7-2017-q4-major-win32/bin/../lib/gcc/arm-none-eabi/7.2.1/../../../../arm-none-eabi/lib/thumb/v7e-m/fpv4-sp/hard\libg.a(lib_a-__atexit.o)
 .text          0x00000458        0x0 c:/ti/ccsv8/tools/compiler/gcc-arm-none-eabi-7-2017-q4-major-win32/bin/../lib/gcc/arm-none-eabi/7.2.1/../../../../arm-none-eabi/lib/thumb/v7e-m/fpv4-sp/hard\libnosys.a(_exit.o)
 .text          0x00000458        0x0 c:/ti/ccsv8/tools/compiler/gcc-arm-none-eabi-7-2017-q4-major-win32/bin/../lib/gcc/arm-none-eabi/7.2.1/thumb/v7e-m/fpv4-sp/hard/crtend.o
 .text          0x00000458        0x0 c:/ti/ccsv8/tools/compiler/gcc-arm-none-eabi-7-2017-q4-major-win32/bin/../lib/gcc/arm-none-eabi/7.2.1/thumb/v7e-m/fpv4-sp/hard/crtn.o
 *(.text.*)
 .text.get_adc  0x00000458        0xc ./adc.o
                0x00000458                get_adc
 .text.init_adc
                0x00000464       0x50 ./adc.o
                0x00000464                init_adc
 .text.init_gpio
                0x000004b4       0x40 ./gpio.o
                0x000004b4                init_gpio
 .text.red_led_init
                0x000004f4       0x2c ./leds.o
                0x000004f4                red_led_init
 .text.yellow_led_init
                0x00000520       0x2c ./leds.o
                0x00000520                yellow_led_init
 .text.green_led_init
                0x0000054c       0x2c ./leds.o
                0x0000054c                green_led_init
 .text.red_led_task
                0x00000578       0x38 ./leds.o
                0x00000578                red_led_task
 .text.yellow_led_task
                0x000005b0       0x1c ./leds.o
                0x000005b0                yellow_led_task
 .text.green_led_task
                0x000005cc       0x20 ./leds.o
                0x000005cc                green_led_task
 .text.setupHardware
                0x000005ec       0x10 ./main.o
 .text.putChar  0x000005fc        0x4 ./main.o
                0x000005fc                putChar
 .text.main     0x00000600       0x78 ./main.o
                0x00000600                main
 .text.write_spi
                0x00000678       0x18 ./spi_config.o
                0x00000678                write_spi
 .text.read_spi
                0x00000690       0x14 ./spi_config.o
                0x00000690                read_spi
 .text.init_master_spi
                0x000006a4       0x78 ./spi_config.o
                0x000006a4                init_master_spi
 .text.status_led_init
                0x0000071c       0x2c ./status_led.o
                0x0000071c                status_led_init
 .text.status_led_task
                0x00000748       0x1c ./status_led.o
                0x00000748                status_led_task
 .text.NmiSR    0x00000764        0x2 ./tm4c123gh6pm_startup_ccs_gcc.o
 .text.FaultISR
                0x00000766        0x2 ./tm4c123gh6pm_startup_ccs_gcc.o
 .text.IntDefaultHandler
                0x00000768        0x2 ./tm4c123gh6pm_startup_ccs_gcc.o
 *fill*         0x0000076a        0x2 
 .text.ResetISR
                0x0000076c       0x50 ./tm4c123gh6pm_startup_ccs_gcc.o
                0x0000076c                ResetISR
 .text.prvTestWaitCondition
                0x000007bc       0x1c ./FreeRTOS/Source/event_groups.o
 .text.xEventGroupCreate
                0x000007d8       0x1a ./FreeRTOS/Source/event_groups.o
                0x000007d8                xEventGroupCreate
 *fill*         0x000007f2        0x2 
 .text.xEventGroupWaitBits
                0x000007f4       0xb4 ./FreeRTOS/Source/event_groups.o
                0x000007f4                xEventGroupWaitBits
 .text.xEventGroupClearBits
                0x000008a8       0x1a ./FreeRTOS/Source/event_groups.o
                0x000008a8                xEventGroupClearBits
 .text.xEventGroupGetBitsFromISR
                0x000008c2       0x1c ./FreeRTOS/Source/event_groups.o
                0x000008c2                xEventGroupGetBitsFromISR
 .text.xEventGroupSetBits
                0x000008de       0x62 ./FreeRTOS/Source/event_groups.o
                0x000008de                xEventGroupSetBits
 .text.xEventGroupSync
                0x00000940       0x90 ./FreeRTOS/Source/event_groups.o
                0x00000940                xEventGroupSync
 .text.vEventGroupDelete
                0x000009d0       0x26 ./FreeRTOS/Source/event_groups.o
                0x000009d0                vEventGroupDelete
 .text.vEventGroupSetBitsCallback
                0x000009f6        0x8 ./FreeRTOS/Source/event_groups.o
                0x000009f6                vEventGroupSetBitsCallback
 .text.vEventGroupClearBitsCallback
                0x000009fe        0x8 ./FreeRTOS/Source/event_groups.o
                0x000009fe                vEventGroupClearBitsCallback
 .text.vListInitialise
                0x00000a06       0x16 ./FreeRTOS/Source/list.o
                0x00000a06                vListInitialise
 .text.vListInitialiseItem
                0x00000a1c        0x6 ./FreeRTOS/Source/list.o
                0x00000a1c                vListInitialiseItem
 .text.vListInsertEnd
                0x00000a22       0x18 ./FreeRTOS/Source/list.o
                0x00000a22                vListInsertEnd
 .text.vListInsert
                0x00000a3a       0x34 ./FreeRTOS/Source/list.o
                0x00000a3a                vListInsert
 .text.uxListRemove
                0x00000a6e       0x28 ./FreeRTOS/Source/list.o
                0x00000a6e                uxListRemove
 .text.prvGetDisinheritPriorityAfterTimeout
                0x00000a96       0x12 ./FreeRTOS/Source/queue.o
 .text.prvIsQueueFull
                0x00000aa8       0x1e ./FreeRTOS/Source/queue.o
 .text.prvIsQueueEmpty
                0x00000ac6       0x1a ./FreeRTOS/Source/queue.o
 .text.prvCopyDataToQueue
                0x00000ae0       0x76 ./FreeRTOS/Source/queue.o
 .text.prvCopyDataFromQueue
                0x00000b56       0x24 ./FreeRTOS/Source/queue.o
 .text.prvUnlockQueue
                0x00000b7a       0x6e ./FreeRTOS/Source/queue.o
 .text.xQueueGenericReset
                0x00000be8       0x70 ./FreeRTOS/Source/queue.o
                0x00000be8                xQueueGenericReset
 .text.prvInitialiseNewQueue
                0x00000c58       0x1c ./FreeRTOS/Source/queue.o
 .text.xQueueGenericCreate
                0x00000c74       0x2e ./FreeRTOS/Source/queue.o
                0x00000c74                xQueueGenericCreate
 *fill*         0x00000ca2        0x2 
 .text.xQueueGenericSend
                0x00000ca4      0x118 ./FreeRTOS/Source/queue.o
                0x00000ca4                xQueueGenericSend
 .text.prvInitialiseMutex
                0x00000dbc       0x18 ./FreeRTOS/Source/queue.o
 .text.xQueueCreateMutex
                0x00000dd4       0x16 ./FreeRTOS/Source/queue.o
                0x00000dd4                xQueueCreateMutex
 .text.xQueueGiveMutexRecursive
                0x00000dea       0x2c ./FreeRTOS/Source/queue.o
                0x00000dea                xQueueGiveMutexRecursive
 .text.xQueueGenericSendFromISR
                0x00000e16       0x70 ./FreeRTOS/Source/queue.o
                0x00000e16                xQueueGenericSendFromISR
 .text.xQueueGiveFromISR
                0x00000e86       0x64 ./FreeRTOS/Source/queue.o
                0x00000e86                xQueueGiveFromISR
 *fill*         0x00000eea        0x2 
 .text.xQueueReceive
                0x00000eec      0x10c ./FreeRTOS/Source/queue.o
                0x00000eec                xQueueReceive
 .text.xQueueSemaphoreTake
                0x00000ff8      0x148 ./FreeRTOS/Source/queue.o
                0x00000ff8                xQueueSemaphoreTake
 .text.xQueueTakeMutexRecursive
                0x00001140       0x30 ./FreeRTOS/Source/queue.o
                0x00001140                xQueueTakeMutexRecursive
 .text.xQueuePeek
                0x00001170      0x10c ./FreeRTOS/Source/queue.o
                0x00001170                xQueuePeek
 .text.xQueueReceiveFromISR
                0x0000127c       0x72 ./FreeRTOS/Source/queue.o
                0x0000127c                xQueueReceiveFromISR
 .text.xQueuePeekFromISR
                0x000012ee       0x30 ./FreeRTOS/Source/queue.o
                0x000012ee                xQueuePeekFromISR
 .text.uxQueueMessagesWaiting
                0x0000131e       0x12 ./FreeRTOS/Source/queue.o
                0x0000131e                uxQueueMessagesWaiting
 .text.uxQueueSpacesAvailable
                0x00001330       0x16 ./FreeRTOS/Source/queue.o
                0x00001330                uxQueueSpacesAvailable
 .text.uxQueueMessagesWaitingFromISR
                0x00001346        0x4 ./FreeRTOS/Source/queue.o
                0x00001346                uxQueueMessagesWaitingFromISR
 .text.vQueueDelete
                0x0000134a        0x8 ./FreeRTOS/Source/queue.o
                0x0000134a                vQueueDelete
 .text.xQueueIsQueueEmptyFromISR
                0x00001352        0xc ./FreeRTOS/Source/queue.o
                0x00001352                xQueueIsQueueEmptyFromISR
 .text.xQueueIsQueueFullFromISR
                0x0000135e       0x10 ./FreeRTOS/Source/queue.o
                0x0000135e                xQueueIsQueueFullFromISR
 .text.prvBytesInBuffer
                0x0000136e       0x12 ./FreeRTOS/Source/stream_buffer.o
 .text.prvInitialiseNewStreamBuffer
                0x00001380       0x20 ./FreeRTOS/Source/stream_buffer.o
 .text.prvWriteBytesToBuffer
                0x000013a0       0x44 ./FreeRTOS/Source/stream_buffer.o
 .text.prvWriteMessageToBuffer
                0x000013e4       0x48 ./FreeRTOS/Source/stream_buffer.o
 .text.prvReadBytesFromBuffer
                0x0000142c       0x50 ./FreeRTOS/Source/stream_buffer.o
 .text.prvReadMessageFromBuffer
                0x0000147c       0x44 ./FreeRTOS/Source/stream_buffer.o
 .text.xStreamBufferGenericCreate
                0x000014c0       0x34 ./FreeRTOS/Source/stream_buffer.o
                0x000014c0                xStreamBufferGenericCreate
 .text.vStreamBufferDelete
                0x000014f4       0x1a ./FreeRTOS/Source/stream_buffer.o
                0x000014f4                vStreamBufferDelete
 .text.xStreamBufferReset
                0x0000150e       0x36 ./FreeRTOS/Source/stream_buffer.o
                0x0000150e                xStreamBufferReset
 .text.xStreamBufferSetTriggerLevel
                0x00001544       0x16 ./FreeRTOS/Source/stream_buffer.o
                0x00001544                xStreamBufferSetTriggerLevel
 .text.xStreamBufferSpacesAvailable
                0x0000155a       0x14 ./FreeRTOS/Source/stream_buffer.o
                0x0000155a                xStreamBufferSpacesAvailable
 .text.xStreamBufferBytesAvailable
                0x0000156e        0x8 ./FreeRTOS/Source/stream_buffer.o
                0x0000156e                xStreamBufferBytesAvailable
 .text.xStreamBufferSend
                0x00001576       0xba ./FreeRTOS/Source/stream_buffer.o
                0x00001576                xStreamBufferSend
 .text.xStreamBufferSendFromISR
                0x00001630       0x7a ./FreeRTOS/Source/stream_buffer.o
                0x00001630                xStreamBufferSendFromISR
 .text.xStreamBufferReceive
                0x000016aa       0xa6 ./FreeRTOS/Source/stream_buffer.o
                0x000016aa                xStreamBufferReceive
 .text.xStreamBufferNextMessageLengthBytes
                0x00001750       0x36 ./FreeRTOS/Source/stream_buffer.o
                0x00001750                xStreamBufferNextMessageLengthBytes
 .text.xStreamBufferReceiveFromISR
                0x00001786       0x76 ./FreeRTOS/Source/stream_buffer.o
                0x00001786                xStreamBufferReceiveFromISR
 .text.xStreamBufferIsEmpty
                0x000017fc       0x10 ./FreeRTOS/Source/stream_buffer.o
                0x000017fc                xStreamBufferIsEmpty
 .text.xStreamBufferIsFull
                0x0000180c       0x20 ./FreeRTOS/Source/stream_buffer.o
                0x0000180c                xStreamBufferIsFull
 .text.xStreamBufferSendCompletedFromISR
                0x0000182c       0x3e ./FreeRTOS/Source/stream_buffer.o
                0x0000182c                xStreamBufferSendCompletedFromISR
 .text.xStreamBufferReceiveCompletedFromISR
                0x0000186a       0x3e ./FreeRTOS/Source/stream_buffer.o
                0x0000186a                xStreamBufferReceiveCompletedFromISR
 .text.prvTaskIsTaskSuspended
                0x000018a8       0x2c ./FreeRTOS/Source/tasks.o
 .text.prvResetNextTaskUnblockTime
                0x000018d4       0x2c ./FreeRTOS/Source/tasks.o
 .text.prvDeleteTCB
                0x00001900       0x12 ./FreeRTOS/Source/tasks.o
 .text.prvInitialiseNewTask
                0x00001912       0x8c ./FreeRTOS/Source/tasks.o
 *fill*         0x0000199e        0x2 
 .text.prvInitialiseTaskLists
                0x000019a0       0x68 ./FreeRTOS/Source/tasks.o
 .text.prvAddNewTaskToReadyList
                0x00001a08       0xa8 ./FreeRTOS/Source/tasks.o
 .text.prvCheckTasksWaitingTermination
                0x00001ab0       0x4c ./FreeRTOS/Source/tasks.o
 .text.prvIdleTask
                0x00001afc       0x28 ./FreeRTOS/Source/tasks.o
 .text.prvAddCurrentTaskToDelayedList
                0x00001b24       0x98 ./FreeRTOS/Source/tasks.o
 .text.xTaskCreate
                0x00001bbc       0x62 ./FreeRTOS/Source/tasks.o
                0x00001bbc                xTaskCreate
 *fill*         0x00001c1e        0x2 
 .text.vTaskDelete
                0x00001c20       0xc4 ./FreeRTOS/Source/tasks.o
                0x00001c20                vTaskDelete
 .text.uxTaskPriorityGet
                0x00001ce4       0x20 ./FreeRTOS/Source/tasks.o
                0x00001ce4                uxTaskPriorityGet
 .text.uxTaskPriorityGetFromISR
                0x00001d04       0x28 ./FreeRTOS/Source/tasks.o
                0x00001d04                uxTaskPriorityGetFromISR
 .text.vTaskPrioritySet
                0x00001d2c       0xd4 ./FreeRTOS/Source/tasks.o
                0x00001d2c                vTaskPrioritySet
 .text.vTaskResume
                0x00001e00       0x74 ./FreeRTOS/Source/tasks.o
                0x00001e00                vTaskResume
 .text.xTaskResumeFromISR
                0x00001e74       0x8c ./FreeRTOS/Source/tasks.o
                0x00001e74                xTaskResumeFromISR
 .text.vTaskStartScheduler
                0x00001f00       0x64 ./FreeRTOS/Source/tasks.o
                0x00001f00                vTaskStartScheduler
 .text.vTaskEndScheduler
                0x00001f64       0x24 ./FreeRTOS/Source/tasks.o
                0x00001f64                vTaskEndScheduler
 .text.vTaskSuspendAll
                0x00001f88       0x10 ./FreeRTOS/Source/tasks.o
                0x00001f88                vTaskSuspendAll
 .text.xTaskGetTickCount
                0x00001f98        0xc ./FreeRTOS/Source/tasks.o
                0x00001f98                xTaskGetTickCount
 .text.xTaskGetTickCountFromISR
                0x00001fa4        0xc ./FreeRTOS/Source/tasks.o
                0x00001fa4                xTaskGetTickCountFromISR
 .text.uxTaskGetNumberOfTasks
                0x00001fb0        0xc ./FreeRTOS/Source/tasks.o
                0x00001fb0                uxTaskGetNumberOfTasks
 .text.pcTaskGetName
                0x00001fbc       0x14 ./FreeRTOS/Source/tasks.o
                0x00001fbc                pcTaskGetName
 .text.xTaskIncrementTick
                0x00001fd0      0x100 ./FreeRTOS/Source/tasks.o
                0x00001fd0                xTaskIncrementTick
 .text.xTaskResumeAll
                0x000020d0       0xe4 ./FreeRTOS/Source/tasks.o
                0x000020d0                xTaskResumeAll
 .text.vTaskDelayUntil
                0x000021b4       0x60 ./FreeRTOS/Source/tasks.o
                0x000021b4                vTaskDelayUntil
 .text.vTaskDelay
                0x00002214       0x34 ./FreeRTOS/Source/tasks.o
                0x00002214                vTaskDelay
 .text.xTaskCatchUpTicks
                0x00002248       0x1c ./FreeRTOS/Source/tasks.o
                0x00002248                xTaskCatchUpTicks
 .text.vTaskSwitchContext
                0x00002264       0x7c ./FreeRTOS/Source/tasks.o
                0x00002264                vTaskSwitchContext
 .text.vTaskSuspend
                0x000022e0       0xcc ./FreeRTOS/Source/tasks.o
                0x000022e0                vTaskSuspend
 .text.vTaskPlaceOnEventList
                0x000023ac       0x1c ./FreeRTOS/Source/tasks.o
                0x000023ac                vTaskPlaceOnEventList
 .text.vTaskPlaceOnUnorderedEventList
                0x000023c8       0x24 ./FreeRTOS/Source/tasks.o
                0x000023c8                vTaskPlaceOnUnorderedEventList
 .text.xTaskRemoveFromEventList
                0x000023ec       0x78 ./FreeRTOS/Source/tasks.o
                0x000023ec                xTaskRemoveFromEventList
 .text.vTaskRemoveFromUnorderedEventList
                0x00002464       0x58 ./FreeRTOS/Source/tasks.o
                0x00002464                vTaskRemoveFromUnorderedEventList
 .text.vTaskSetTimeOutState
                0x000024bc       0x24 ./FreeRTOS/Source/tasks.o
                0x000024bc                vTaskSetTimeOutState
 .text.vTaskInternalSetTimeOutState
                0x000024e0       0x18 ./FreeRTOS/Source/tasks.o
                0x000024e0                vTaskInternalSetTimeOutState
 .text.xTaskCheckForTimeOut
                0x000024f8       0x58 ./FreeRTOS/Source/tasks.o
                0x000024f8                xTaskCheckForTimeOut
 .text.vTaskMissedYield
                0x00002550        0xc ./FreeRTOS/Source/tasks.o
                0x00002550                vTaskMissedYield
 .text.xTaskGetCurrentTaskHandle
                0x0000255c        0xc ./FreeRTOS/Source/tasks.o
                0x0000255c                xTaskGetCurrentTaskHandle
 .text.xTaskPriorityInherit
                0x00002568       0xac ./FreeRTOS/Source/tasks.o
                0x00002568                xTaskPriorityInherit
 .text.xTaskPriorityDisinherit
                0x00002614       0x80 ./FreeRTOS/Source/tasks.o
                0x00002614                xTaskPriorityDisinherit
 .text.vTaskPriorityDisinheritAfterTimeout
                0x00002694       0x84 ./FreeRTOS/Source/tasks.o
                0x00002694                vTaskPriorityDisinheritAfterTimeout
 .text.uxTaskResetEventItemValue
                0x00002718       0x18 ./FreeRTOS/Source/tasks.o
                0x00002718                uxTaskResetEventItemValue
 .text.pvTaskIncrementMutexHeldCount
                0x00002730       0x1c ./FreeRTOS/Source/tasks.o
                0x00002730                pvTaskIncrementMutexHeldCount
 .text.ulTaskNotifyTake
                0x0000274c       0x78 ./FreeRTOS/Source/tasks.o
                0x0000274c                ulTaskNotifyTake
 .text.xTaskNotifyWait
                0x000027c4       0x98 ./FreeRTOS/Source/tasks.o
                0x000027c4                xTaskNotifyWait
 .text.xTaskGenericNotify
                0x0000285c       0xb8 ./FreeRTOS/Source/tasks.o
                0x0000285c                xTaskGenericNotify
 .text.xTaskGenericNotifyFromISR
                0x00002914       0xdc ./FreeRTOS/Source/tasks.o
                0x00002914                xTaskGenericNotifyFromISR
 .text.vTaskNotifyGiveFromISR
                0x000029f0       0xa0 ./FreeRTOS/Source/tasks.o
                0x000029f0                vTaskNotifyGiveFromISR
 .text.xTaskNotifyStateClear
                0x00002a90       0x34 ./FreeRTOS/Source/tasks.o
                0x00002a90                xTaskNotifyStateClear
 .text.ulTaskNotifyValueClear
                0x00002ac4       0x2c ./FreeRTOS/Source/tasks.o
                0x00002ac4                ulTaskNotifyValueClear
 .text.prvTaskExitError
                0x00002af0       0x20 ./FreeRTOS/Source/portable/GCC/ARM_CM4F/port.o
 .text.prvPortStartFirstTask
                0x00002b10       0x28 ./FreeRTOS/Source/portable/GCC/ARM_CM4F/port.o
 .text.vPortEnableVFP
                0x00002b38       0x14 ./FreeRTOS/Source/portable/GCC/ARM_CM4F/port.o
 .text.pxPortInitialiseStack
                0x00002b4c       0x2c ./FreeRTOS/Source/portable/GCC/ARM_CM4F/port.o
                0x00002b4c                pxPortInitialiseStack
 *fill*         0x00002b78        0x8 
 .text.vPortSVCHandler
                0x00002b80       0x24 ./FreeRTOS/Source/portable/GCC/ARM_CM4F/port.o
                0x00002b80                vPortSVCHandler
 .text.vPortEndScheduler
                0x00002ba4        0x2 ./FreeRTOS/Source/portable/GCC/ARM_CM4F/port.o
                0x00002ba4                vPortEndScheduler
 *fill*         0x00002ba6        0x2 
 .text.vPortEnterCritical
                0x00002ba8       0x20 ./FreeRTOS/Source/portable/GCC/ARM_CM4F/port.o
                0x00002ba8                vPortEnterCritical
 .text.vPortExitCritical
                0x00002bc8       0x14 ./FreeRTOS/Source/portable/GCC/ARM_CM4F/port.o
                0x00002bc8                vPortExitCritical
 *fill*         0x00002bdc        0x4 
 .text.xPortPendSVHandler
                0x00002be0       0x64 ./FreeRTOS/Source/portable/GCC/ARM_CM4F/port.o
                0x00002be0                xPortPendSVHandler
 .text.xPortSysTickHandler
                0x00002c44       0x2c ./FreeRTOS/Source/portable/GCC/ARM_CM4F/port.o
                0x00002c44                xPortSysTickHandler
 .text.vPortSetupTimerInterrupt
                0x00002c70       0x28 ./FreeRTOS/Source/portable/GCC/ARM_CM4F/port.o
                0x00002c70                vPortSetupTimerInterrupt
 .text.xPortStartScheduler
                0x00002c98       0x48 ./FreeRTOS/Source/portable/GCC/ARM_CM4F/port.o
                0x00002c98                xPortStartScheduler
 .text.prvHeapInit
                0x00002ce0       0x2c ./FreeRTOS/Source/portable/MemMang/heap_2.o
 .text.pvPortMalloc
                0x00002d0c       0xa4 ./FreeRTOS/Source/portable/MemMang/heap_2.o
                0x00002d0c                pvPortMalloc
 .text.vPortFree
                0x00002db0       0x44 ./FreeRTOS/Source/portable/MemMang/heap_2.o
                0x00002db0                vPortFree
 .text.xPortGetFreeHeapSize
                0x00002df4        0xc ./FreeRTOS/Source/portable/MemMang/heap_2.o
                0x00002df4                xPortGetFreeHeapSize
 .text.vPortInitialiseBlocks
                0x00002e00        0x2 ./FreeRTOS/Source/portable/MemMang/heap_2.o
                0x00002e00                vPortInitialiseBlocks
 .text.enable_global_int
                0x00002e02        0x4 ./inc/systick_frt.o
                0x00002e02                enable_global_int
 .text.disable_global_int
                0x00002e06        0x4 ./inc/systick_frt.o
                0x00002e06                disable_global_int
 *fill*         0x00002e0a        0x2 
 .text.init_systick
                0x00002e0c       0x5c ./inc/systick_frt.o
                0x00002e0c                init_systick
 .text.exit     0x00002e68       0x20 c:/ti/ccsv8/tools/compiler/gcc-arm-none-eabi-7-2017-q4-major-win32/bin/../lib/gcc/arm-none-eabi/7.2.1/../../../../arm-none-eabi/lib/thumb/v7e-m/fpv4-sp/hard\libg.a(lib_a-exit.o)
                0x00002e68                exit
 .text.__libc_init_array
                0x00002e88       0x48 c:/ti/ccsv8/tools/compiler/gcc-arm-none-eabi-7-2017-q4-major-win32/bin/../lib/gcc/arm-none-eabi/7.2.1/../../../../arm-none-eabi/lib/thumb/v7e-m/fpv4-sp/hard\libg.a(lib_a-init.o)
                0x00002e88                __libc_init_array
 .text.memset   0x00002ed0       0x94 c:/ti/ccsv8/tools/compiler/gcc-arm-none-eabi-7-2017-q4-major-win32/bin/../lib/gcc/arm-none-eabi/7.2.1/../../../../arm-none-eabi/lib/thumb/v7e-m/fpv4-sp/hard\libg.a(lib_a-memset.o)
                0x00002ed0                memset
 .text.startup.register_fini
                0x00002f64       0x14 c:/ti/ccsv8/tools/compiler/gcc-arm-none-eabi-7-2017-q4-major-win32/bin/../lib/gcc/arm-none-eabi/7.2.1/../../../../arm-none-eabi/lib/thumb/v7e-m/fpv4-sp/hard\libg.a(lib_a-__call_atexit.o)
 .text.__call_exitprocs
                0x00002f78       0xe8 c:/ti/ccsv8/tools/compiler/gcc-arm-none-eabi-7-2017-q4-major-win32/bin/../lib/gcc/arm-none-eabi/7.2.1/../../../../arm-none-eabi/lib/thumb/v7e-m/fpv4-sp/hard\libg.a(lib_a-__call_atexit.o)
                0x00002f78                __call_exitprocs
 .text.atexit   0x00003060        0xc c:/ti/ccsv8/tools/compiler/gcc-arm-none-eabi-7-2017-q4-major-win32/bin/../lib/gcc/arm-none-eabi/7.2.1/../../../../arm-none-eabi/lib/thumb/v7e-m/fpv4-sp/hard\libg.a(lib_a-atexit.o)
                0x00003060                atexit
 .text.__libc_fini_array
                0x0000306c       0x34 c:/ti/ccsv8/tools/compiler/gcc-arm-none-eabi-7-2017-q4-major-win32/bin/../lib/gcc/arm-none-eabi/7.2.1/../../../../arm-none-eabi/lib/thumb/v7e-m/fpv4-sp/hard\libg.a(lib_a-fini.o)
                0x0000306c                __libc_fini_array
 .text.__retarget_lock_init
                0x000030a0        0x4 c:/ti/ccsv8/tools/compiler/gcc-arm-none-eabi-7-2017-q4-major-win32/bin/../lib/gcc/arm-none-eabi/7.2.1/../../../../arm-none-eabi/lib/thumb/v7e-m/fpv4-sp/hard\libg.a(lib_a-lock.o)
                0x000030a0                __retarget_lock_init
 .text.__retarget_lock_init_recursive
                0x000030a4        0x4 c:/ti/ccsv8/tools/compiler/gcc-arm-none-eabi-7-2017-q4-major-win32/bin/../lib/gcc/arm-none-eabi/7.2.1/../../../../arm-none-eabi/lib/thumb/v7e-m/fpv4-sp/hard\libg.a(lib_a-lock.o)
                0x000030a4                __retarget_lock_init_recursive
 .text.__retarget_lock_close
                0x000030a8        0x4 c:/ti/ccsv8/tools/compiler/gcc-arm-none-eabi-7-2017-q4-major-win32/bin/../lib/gcc/arm-none-eabi/7.2.1/../../../../arm-none-eabi/lib/thumb/v7e-m/fpv4-sp/hard\libg.a(lib_a-lock.o)
                0x000030a8                __retarget_lock_close
 .text.__retarget_lock_close_recursive
                0x000030ac        0x4 c:/ti/ccsv8/tools/compiler/gcc-arm-none-eabi-7-2017-q4-major-win32/bin/../lib/gcc/arm-none-eabi/7.2.1/../../../../arm-none-eabi/lib/thumb/v7e-m/fpv4-sp/hard\libg.a(lib_a-lock.o)
                0x000030ac                __retarget_lock_close_recursive
 .text.__retarget_lock_acquire
                0x000030b0        0x4 c:/ti/ccsv8/tools/compiler/gcc-arm-none-eabi-7-2017-q4-major-win32/bin/../lib/gcc/arm-none-eabi/7.2.1/../../../../arm-none-eabi/lib/thumb/v7e-m/fpv4-sp/hard\libg.a(lib_a-lock.o)
                0x000030b0                __retarget_lock_acquire
 .text.__retarget_lock_acquire_recursive
                0x000030b4        0x4 c:/ti/ccsv8/tools/compiler/gcc-arm-none-eabi-7-2017-q4-major-win32/bin/../lib/gcc/arm-none-eabi/7.2.1/../../../../arm-none-eabi/lib/thumb/v7e-m/fpv4-sp/hard\libg.a(lib_a-lock.o)
                0x000030b4                __retarget_lock_acquire_recursive
 .text.__retarget_lock_try_acquire
                0x000030b8        0x4 c:/ti/ccsv8/tools/compiler/gcc-arm-none-eabi-7-2017-q4-major-win32/bin/../lib/gcc/arm-none-eabi/7.2.1/../../../../arm-none-eabi/lib/thumb/v7e-m/fpv4-sp/hard\libg.a(lib_a-lock.o)
                0x000030b8                __retarget_lock_try_acquire
 .text.__retarget_lock_try_acquire_recursive
                0x000030bc        0x4 c:/ti/ccsv8/tools/compiler/gcc-arm-none-eabi-7-2017-q4-major-win32/bin/../lib/gcc/arm-none-eabi/7.2.1/../../../../arm-none-eabi/lib/thumb/v7e-m/fpv4-sp/hard\libg.a(lib_a-lock.o)
                0x000030bc                __retarget_lock_try_acquire_recursive
 .text.__retarget_lock_release
                0x000030c0        0x4 c:/ti/ccsv8/tools/compiler/gcc-arm-none-eabi-7-2017-q4-major-win32/bin/../lib/gcc/arm-none-eabi/7.2.1/../../../../arm-none-eabi/lib/thumb/v7e-m/fpv4-sp/hard\libg.a(lib_a-lock.o)
                0x000030c0                __retarget_lock_release
 .text.__retarget_lock_release_recursive
                0x000030c4        0x4 c:/ti/ccsv8/tools/compiler/gcc-arm-none-eabi-7-2017-q4-major-win32/bin/../lib/gcc/arm-none-eabi/7.2.1/../../../../arm-none-eabi/lib/thumb/v7e-m/fpv4-sp/hard\libg.a(lib_a-lock.o)
                0x000030c4                __retarget_lock_release_recursive
 .text.__register_exitproc
                0x000030c8       0xc0 c:/ti/ccsv8/tools/compiler/gcc-arm-none-eabi-7-2017-q4-major-win32/bin/../lib/gcc/arm-none-eabi/7.2.1/../../../../arm-none-eabi/lib/thumb/v7e-m/fpv4-sp/hard\libg.a(lib_a-__atexit.o)
                0x000030c8                __register_exitproc
 .text._exit    0x00003188        0x4 c:/ti/ccsv8/tools/compiler/gcc-arm-none-eabi-7-2017-q4-major-win32/bin/../lib/gcc/arm-none-eabi/7.2.1/../../../../arm-none-eabi/lib/thumb/v7e-m/fpv4-sp/hard\libnosys.a(_exit.o)
                0x00003188                _exit
                0x0000318c                . = ALIGN (0x4)
 *(.ctors)
                0x0000318c                . = ALIGN (0x4)
 *(.dtors)
                0x0000318c                . = ALIGN (0x4)
                0x0000318c                __init_array_start = .
 *(.init_array*)
 .init_array    0x0000318c        0x4 c:/ti/ccsv8/tools/compiler/gcc-arm-none-eabi-7-2017-q4-major-win32/bin/../lib/gcc/arm-none-eabi/7.2.1/thumb/v7e-m/fpv4-sp/hard/crtbegin.o
 .init_array.00000
                0x00003190        0x4 c:/ti/ccsv8/tools/compiler/gcc-arm-none-eabi-7-2017-q4-major-win32/bin/../lib/gcc/arm-none-eabi/7.2.1/../../../../arm-none-eabi/lib/thumb/v7e-m/fpv4-sp/hard\libg.a(lib_a-__call_atexit.o)
                0x00003194                __init_array_end = .
 *(.init)
 .init          0x00003194        0x4 c:/ti/ccsv8/tools/compiler/gcc-arm-none-eabi-7-2017-q4-major-win32/bin/../lib/gcc/arm-none-eabi/7.2.1/thumb/v7e-m/fpv4-sp/hard/crti.o
                0x00003194                _init
 .init          0x00003198        0x8 c:/ti/ccsv8/tools/compiler/gcc-arm-none-eabi-7-2017-q4-major-win32/bin/../lib/gcc/arm-none-eabi/7.2.1/thumb/v7e-m/fpv4-sp/hard/crtn.o
 *(.fini*)
 .fini          0x000031a0        0x4 c:/ti/ccsv8/tools/compiler/gcc-arm-none-eabi-7-2017-q4-major-win32/bin/../lib/gcc/arm-none-eabi/7.2.1/thumb/v7e-m/fpv4-sp/hard/crti.o
                0x000031a0                _fini
 .fini_array    0x000031a4        0x4 c:/ti/ccsv8/tools/compiler/gcc-arm-none-eabi-7-2017-q4-major-win32/bin/../lib/gcc/arm-none-eabi/7.2.1/thumb/v7e-m/fpv4-sp/hard/crtbegin.o
 .fini          0x000031a8        0x8 c:/ti/ccsv8/tools/compiler/gcc-arm-none-eabi-7-2017-q4-major-win32/bin/../lib/gcc/arm-none-eabi/7.2.1/thumb/v7e-m/fpv4-sp/hard/crtn.o
                [!provide]                PROVIDE (__etext, .)
                [!provide]                PROVIDE (_etext, .)
                [!provide]                PROVIDE (etext, .)

.glue_7         0x000031b0        0x0
 .glue_7        0x000031b0        0x0 linker stubs

.glue_7t        0x000031b0        0x0
 .glue_7t       0x000031b0        0x0 linker stubs

.vfp11_veneer   0x000031b0        0x0
 .vfp11_veneer  0x000031b0        0x0 linker stubs

.v4_bx          0x000031b0        0x0
 .v4_bx         0x000031b0        0x0 linker stubs

.iplt           0x000031b0        0x0
 .iplt          0x000031b0        0x0 c:/ti/ccsv8/tools/compiler/gcc-arm-none-eabi-7-2017-q4-major-win32/bin/../lib/gcc/arm-none-eabi/7.2.1/thumb/v7e-m/fpv4-sp/hard/crtbegin.o

.rodata         0x000031b0       0x38
 *(.rodata)
 *(.rodata*)
 .rodata.main.str1.4
                0x000031b0       0x2a ./main.o
 *fill*         0x000031da        0x2 
 .rodata.vTaskStartScheduler.str1.4
                0x000031dc        0x8 ./FreeRTOS/Source/tasks.o
                                  0x5 (size before relaxing)
 .rodata._global_impure_ptr
                0x000031e4        0x4 c:/ti/ccsv8/tools/compiler/gcc-arm-none-eabi-7-2017-q4-major-win32/bin/../lib/gcc/arm-none-eabi/7.2.1/../../../../arm-none-eabi/lib/thumb/v7e-m/fpv4-sp/hard\libg.a(lib_a-impure.o)
                0x000031e4                _global_impure_ptr

.eh_frame       0x000031e8        0x4
 .eh_frame      0x000031e8        0x0 c:/ti/ccsv8/tools/compiler/gcc-arm-none-eabi-7-2017-q4-major-win32/bin/../lib/gcc/arm-none-eabi/7.2.1/thumb/v7e-m/fpv4-sp/hard/crtbegin.o
 .eh_frame      0x000031e8        0x4 c:/ti/ccsv8/tools/compiler/gcc-arm-none-eabi-7-2017-q4-major-win32/bin/../lib/gcc/arm-none-eabi/7.2.1/thumb/v7e-m/fpv4-sp/hard/crtend.o

.data           0x20000000      0x43c load address 0x000031ec
                0x000031ec                __data_load__ = LOADADDR (.data)
                0x20000000                __data_start__ = .
 *(.data)
 .data          0x20000000        0x0 c:/ti/ccsv8/tools/compiler/gcc-arm-none-eabi-7-2017-q4-major-win32/bin/../lib/gcc/arm-none-eabi/7.2.1/thumb/v7e-m/fpv4-sp/hard/crti.o
 .data          0x20000000        0x4 c:/ti/ccsv8/tools/compiler/gcc-arm-none-eabi-7-2017-q4-major-win32/bin/../lib/gcc/arm-none-eabi/7.2.1/thumb/v7e-m/fpv4-sp/hard/crtbegin.o
                0x20000000                __dso_handle
 .data          0x20000004        0x0 c:/ti/ccsv8/tools/compiler/gcc-arm-none-eabi-7-2017-q4-major-win32/bin/../lib/gcc/arm-none-eabi/7.2.1/../../../../arm-none-eabi/lib/thumb/v7e-m/fpv4-sp/hard/crt0.o
 .data          0x20000004        0x0 ./adc.o
 .data          0x20000004        0x0 ./gpio.o
 .data          0x20000004        0x0 ./leds.o
 .data          0x20000004        0x0 ./main.o
 .data          0x20000004        0x0 ./spi_config.o
 .data          0x20000004        0x0 ./status_led.o
 .data          0x20000004        0x0 ./tm4c123gh6pm_startup_ccs_gcc.o
 .data          0x20000004        0x0 ./FreeRTOS/Source/croutine.o
 .data          0x20000004        0x0 ./FreeRTOS/Source/event_groups.o
 .data          0x20000004        0x0 ./FreeRTOS/Source/list.o
 .data          0x20000004        0x0 ./FreeRTOS/Source/queue.o
 .data          0x20000004        0x0 ./FreeRTOS/Source/stream_buffer.o
 .data          0x20000004        0x0 ./FreeRTOS/Source/tasks.o
 .data          0x20000004        0x0 ./FreeRTOS/Source/timers.o
 .data          0x20000004        0x0 ./FreeRTOS/Source/portable/GCC/ARM_CM4F/port.o
 .data          0x20000004        0x0 ./FreeRTOS/Source/portable/MemMang/heap_2.o
 .data          0x20000004        0x0 ./inc/systick_frt.o
 .data          0x20000004        0x0 c:/ti/ccsv8/tools/compiler/gcc-arm-none-eabi-7-2017-q4-major-win32/bin/../lib/gcc/arm-none-eabi/7.2.1/../../../../arm-none-eabi/lib/thumb/v7e-m/fpv4-sp/hard\libg.a(lib_a-exit.o)
 .data          0x20000004        0x0 c:/ti/ccsv8/tools/compiler/gcc-arm-none-eabi-7-2017-q4-major-win32/bin/../lib/gcc/arm-none-eabi/7.2.1/../../../../arm-none-eabi/lib/thumb/v7e-m/fpv4-sp/hard\libg.a(lib_a-impure.o)
 .data          0x20000004        0x0 c:/ti/ccsv8/tools/compiler/gcc-arm-none-eabi-7-2017-q4-major-win32/bin/../lib/gcc/arm-none-eabi/7.2.1/../../../../arm-none-eabi/lib/thumb/v7e-m/fpv4-sp/hard\libg.a(lib_a-init.o)
 .data          0x20000004        0x0 c:/ti/ccsv8/tools/compiler/gcc-arm-none-eabi-7-2017-q4-major-win32/bin/../lib/gcc/arm-none-eabi/7.2.1/../../../../arm-none-eabi/lib/thumb/v7e-m/fpv4-sp/hard\libg.a(lib_a-memcpy.o)
 .data          0x20000004        0x0 c:/ti/ccsv8/tools/compiler/gcc-arm-none-eabi-7-2017-q4-major-win32/bin/../lib/gcc/arm-none-eabi/7.2.1/../../../../arm-none-eabi/lib/thumb/v7e-m/fpv4-sp/hard\libg.a(lib_a-memset.o)
 .data          0x20000004        0x0 c:/ti/ccsv8/tools/compiler/gcc-arm-none-eabi-7-2017-q4-major-win32/bin/../lib/gcc/arm-none-eabi/7.2.1/../../../../arm-none-eabi/lib/thumb/v7e-m/fpv4-sp/hard\libg.a(lib_a-__call_atexit.o)
 .data          0x20000004        0x0 c:/ti/ccsv8/tools/compiler/gcc-arm-none-eabi-7-2017-q4-major-win32/bin/../lib/gcc/arm-none-eabi/7.2.1/../../../../arm-none-eabi/lib/thumb/v7e-m/fpv4-sp/hard\libg.a(lib_a-atexit.o)
 .data          0x20000004        0x0 c:/ti/ccsv8/tools/compiler/gcc-arm-none-eabi-7-2017-q4-major-win32/bin/../lib/gcc/arm-none-eabi/7.2.1/../../../../arm-none-eabi/lib/thumb/v7e-m/fpv4-sp/hard\libg.a(lib_a-fini.o)
 .data          0x20000004        0x0 c:/ti/ccsv8/tools/compiler/gcc-arm-none-eabi-7-2017-q4-major-win32/bin/../lib/gcc/arm-none-eabi/7.2.1/../../../../arm-none-eabi/lib/thumb/v7e-m/fpv4-sp/hard\libg.a(lib_a-lock.o)
 .data          0x20000004        0x0 c:/ti/ccsv8/tools/compiler/gcc-arm-none-eabi-7-2017-q4-major-win32/bin/../lib/gcc/arm-none-eabi/7.2.1/../../../../arm-none-eabi/lib/thumb/v7e-m/fpv4-sp/hard\libg.a(lib_a-__atexit.o)
 .data          0x20000004        0x0 c:/ti/ccsv8/tools/compiler/gcc-arm-none-eabi-7-2017-q4-major-win32/bin/../lib/gcc/arm-none-eabi/7.2.1/../../../../arm-none-eabi/lib/thumb/v7e-m/fpv4-sp/hard\libnosys.a(_exit.o)
 .data          0x20000004        0x0 c:/ti/ccsv8/tools/compiler/gcc-arm-none-eabi-7-2017-q4-major-win32/bin/../lib/gcc/arm-none-eabi/7.2.1/thumb/v7e-m/fpv4-sp/hard/crtend.o
 .data          0x20000004        0x0 c:/ti/ccsv8/tools/compiler/gcc-arm-none-eabi-7-2017-q4-major-win32/bin/../lib/gcc/arm-none-eabi/7.2.1/thumb/v7e-m/fpv4-sp/hard/crtn.o
 *(.data*)
 .data.uxCriticalNesting
                0x20000004        0x4 ./FreeRTOS/Source/portable/GCC/ARM_CM4F/port.o
 .data.xFreeBytesRemaining
                0x20000008        0x4 ./FreeRTOS/Source/portable/MemMang/heap_2.o
 .data._impure_ptr
                0x2000000c        0x4 c:/ti/ccsv8/tools/compiler/gcc-arm-none-eabi-7-2017-q4-major-win32/bin/../lib/gcc/arm-none-eabi/7.2.1/../../../../arm-none-eabi/lib/thumb/v7e-m/fpv4-sp/hard\libg.a(lib_a-impure.o)
                0x2000000c                _impure_ptr
 .data.impure_data
                0x20000010      0x428 c:/ti/ccsv8/tools/compiler/gcc-arm-none-eabi-7-2017-q4-major-win32/bin/../lib/gcc/arm-none-eabi/7.2.1/../../../../arm-none-eabi/lib/thumb/v7e-m/fpv4-sp/hard\libg.a(lib_a-impure.o)
 .data.__atexit_recursive_mutex
                0x20000438        0x4 c:/ti/ccsv8/tools/compiler/gcc-arm-none-eabi-7-2017-q4-major-win32/bin/../lib/gcc/arm-none-eabi/7.2.1/../../../../arm-none-eabi/lib/thumb/v7e-m/fpv4-sp/hard\libg.a(lib_a-__call_atexit.o)
                0x20000438                __atexit_recursive_mutex
                0x2000043c                . = ALIGN (0x4)
                0x2000043c                __data_end__ = .

.igot.plt       0x2000043c        0x0 load address 0x00003628
 .igot.plt      0x2000043c        0x0 c:/ti/ccsv8/tools/compiler/gcc-arm-none-eabi-7-2017-q4-major-win32/bin/../lib/gcc/arm-none-eabi/7.2.1/thumb/v7e-m/fpv4-sp/hard/crtbegin.o

.ARM.exidx      0x00003628        0x8
                0x00003628                __exidx_start = .
 *(.ARM.exidx* .gnu.linkonce.armexidx.*)
 .ARM.exidx     0x00003628        0x8 c:/ti/ccsv8/tools/compiler/gcc-arm-none-eabi-7-2017-q4-major-win32/bin/../lib/gcc/arm-none-eabi/7.2.1/../../../../arm-none-eabi/lib/thumb/v7e-m/fpv4-sp/hard/crt0.o
                0x00003630                __exidx_end = .

.ARM.extab      0x00003630        0x0
 *(.ARM.extab* .gnu.linkonce.armextab.*)
 .ARM.extab     0x00003630        0x0 c:/ti/ccsv8/tools/compiler/gcc-arm-none-eabi-7-2017-q4-major-win32/bin/../lib/gcc/arm-none-eabi/7.2.1/../../../../arm-none-eabi/lib/thumb/v7e-m/fpv4-sp/hard/crt0.o

.rel.dyn        0x00003630        0x0
 .rel.iplt      0x00003630        0x0 c:/ti/ccsv8/tools/compiler/gcc-arm-none-eabi-7-2017-q4-major-win32/bin/../lib/gcc/arm-none-eabi/7.2.1/thumb/v7e-m/fpv4-sp/hard/crtbegin.o

.bss            0x2000043c     0x1f14
                0x2000043c                __bss_start__ = .
 *(.shbss)
 *(.bss)
 .bss           0x2000043c        0x0 c:/ti/ccsv8/tools/compiler/gcc-arm-none-eabi-7-2017-q4-major-win32/bin/../lib/gcc/arm-none-eabi/7.2.1/thumb/v7e-m/fpv4-sp/hard/crti.o
 .bss           0x2000043c       0x1c c:/ti/ccsv8/tools/compiler/gcc-arm-none-eabi-7-2017-q4-major-win32/bin/../lib/gcc/arm-none-eabi/7.2.1/thumb/v7e-m/fpv4-sp/hard/crtbegin.o
 .bss           0x20000458        0x0 c:/ti/ccsv8/tools/compiler/gcc-arm-none-eabi-7-2017-q4-major-win32/bin/../lib/gcc/arm-none-eabi/7.2.1/../../../../arm-none-eabi/lib/thumb/v7e-m/fpv4-sp/hard/crt0.o
 .bss           0x20000458        0x0 ./adc.o
 .bss           0x20000458        0x0 ./gpio.o
 .bss           0x20000458        0x0 ./leds.o
 .bss           0x20000458        0x0 ./main.o
 .bss           0x20000458        0x0 ./spi_config.o
 .bss           0x20000458        0x0 ./status_led.o
 .bss           0x20000458        0x0 ./tm4c123gh6pm_startup_ccs_gcc.o
 .bss           0x20000458        0x0 ./FreeRTOS/Source/croutine.o
 .bss           0x20000458        0x0 ./FreeRTOS/Source/event_groups.o
 .bss           0x20000458        0x0 ./FreeRTOS/Source/list.o
 .bss           0x20000458        0x0 ./FreeRTOS/Source/queue.o
 .bss           0x20000458        0x0 ./FreeRTOS/Source/stream_buffer.o
 .bss           0x20000458        0x0 ./FreeRTOS/Source/tasks.o
 .bss           0x20000458        0x0 ./FreeRTOS/Source/timers.o
 .bss           0x20000458        0x0 ./FreeRTOS/Source/portable/GCC/ARM_CM4F/port.o
 .bss           0x20000458        0x0 ./FreeRTOS/Source/portable/MemMang/heap_2.o
 .bss           0x20000458        0x0 ./inc/systick_frt.o
 .bss           0x20000458        0x0 c:/ti/ccsv8/tools/compiler/gcc-arm-none-eabi-7-2017-q4-major-win32/bin/../lib/gcc/arm-none-eabi/7.2.1/../../../../arm-none-eabi/lib/thumb/v7e-m/fpv4-sp/hard\libg.a(lib_a-exit.o)
 .bss           0x20000458        0x0 c:/ti/ccsv8/tools/compiler/gcc-arm-none-eabi-7-2017-q4-major-win32/bin/../lib/gcc/arm-none-eabi/7.2.1/../../../../arm-none-eabi/lib/thumb/v7e-m/fpv4-sp/hard\libg.a(lib_a-impure.o)
 .bss           0x20000458        0x0 c:/ti/ccsv8/tools/compiler/gcc-arm-none-eabi-7-2017-q4-major-win32/bin/../lib/gcc/arm-none-eabi/7.2.1/../../../../arm-none-eabi/lib/thumb/v7e-m/fpv4-sp/hard\libg.a(lib_a-init.o)
 .bss           0x20000458        0x0 c:/ti/ccsv8/tools/compiler/gcc-arm-none-eabi-7-2017-q4-major-win32/bin/../lib/gcc/arm-none-eabi/7.2.1/../../../../arm-none-eabi/lib/thumb/v7e-m/fpv4-sp/hard\libg.a(lib_a-memcpy.o)
 .bss           0x20000458        0x0 c:/ti/ccsv8/tools/compiler/gcc-arm-none-eabi-7-2017-q4-major-win32/bin/../lib/gcc/arm-none-eabi/7.2.1/../../../../arm-none-eabi/lib/thumb/v7e-m/fpv4-sp/hard\libg.a(lib_a-memset.o)
 .bss           0x20000458        0x0 c:/ti/ccsv8/tools/compiler/gcc-arm-none-eabi-7-2017-q4-major-win32/bin/../lib/gcc/arm-none-eabi/7.2.1/../../../../arm-none-eabi/lib/thumb/v7e-m/fpv4-sp/hard\libg.a(lib_a-__call_atexit.o)
 .bss           0x20000458        0x0 c:/ti/ccsv8/tools/compiler/gcc-arm-none-eabi-7-2017-q4-major-win32/bin/../lib/gcc/arm-none-eabi/7.2.1/../../../../arm-none-eabi/lib/thumb/v7e-m/fpv4-sp/hard\libg.a(lib_a-atexit.o)
 .bss           0x20000458        0x0 c:/ti/ccsv8/tools/compiler/gcc-arm-none-eabi-7-2017-q4-major-win32/bin/../lib/gcc/arm-none-eabi/7.2.1/../../../../arm-none-eabi/lib/thumb/v7e-m/fpv4-sp/hard\libg.a(lib_a-fini.o)
 .bss           0x20000458        0x0 c:/ti/ccsv8/tools/compiler/gcc-arm-none-eabi-7-2017-q4-major-win32/bin/../lib/gcc/arm-none-eabi/7.2.1/../../../../arm-none-eabi/lib/thumb/v7e-m/fpv4-sp/hard\libg.a(lib_a-lock.o)
 .bss           0x20000458        0x0 c:/ti/ccsv8/tools/compiler/gcc-arm-none-eabi-7-2017-q4-major-win32/bin/../lib/gcc/arm-none-eabi/7.2.1/../../../../arm-none-eabi/lib/thumb/v7e-m/fpv4-sp/hard\libg.a(lib_a-__atexit.o)
 .bss           0x20000458        0x0 c:/ti/ccsv8/tools/compiler/gcc-arm-none-eabi-7-2017-q4-major-win32/bin/../lib/gcc/arm-none-eabi/7.2.1/../../../../arm-none-eabi/lib/thumb/v7e-m/fpv4-sp/hard\libnosys.a(_exit.o)
 .bss           0x20000458        0x0 c:/ti/ccsv8/tools/compiler/gcc-arm-none-eabi-7-2017-q4-major-win32/bin/../lib/gcc/arm-none-eabi/7.2.1/thumb/v7e-m/fpv4-sp/hard/crtend.o
 .bss           0x20000458        0x0 c:/ti/ccsv8/tools/compiler/gcc-arm-none-eabi-7-2017-q4-major-win32/bin/../lib/gcc/arm-none-eabi/7.2.1/thumb/v7e-m/fpv4-sp/hard/crtn.o
 *(.bss.*)
 .bss.pui32Stack
                0x20000458      0x200 ./tm4c123gh6pm_startup_ccs_gcc.o
 .bss.pxCurrentTCB
                0x20000658        0x4 ./FreeRTOS/Source/tasks.o
                0x20000658                pxCurrentTCB
 .bss.pxDelayedTaskList
                0x2000065c        0x4 ./FreeRTOS/Source/tasks.o
 .bss.pxOverflowDelayedTaskList
                0x20000660        0x4 ./FreeRTOS/Source/tasks.o
 .bss.pxReadyTasksLists
                0x20000664       0xc8 ./FreeRTOS/Source/tasks.o
 .bss.uxCurrentNumberOfTasks
                0x2000072c        0x4 ./FreeRTOS/Source/tasks.o
 .bss.uxDeletedTasksWaitingCleanUp
                0x20000730        0x4 ./FreeRTOS/Source/tasks.o
 .bss.uxSchedulerSuspended
                0x20000734        0x4 ./FreeRTOS/Source/tasks.o
 .bss.uxTaskNumber
                0x20000738        0x4 ./FreeRTOS/Source/tasks.o
 .bss.uxTopReadyPriority
                0x2000073c        0x4 ./FreeRTOS/Source/tasks.o
 .bss.xDelayedTaskList1
                0x20000740       0x14 ./FreeRTOS/Source/tasks.o
 .bss.xDelayedTaskList2
                0x20000754       0x14 ./FreeRTOS/Source/tasks.o
 .bss.xIdleTaskHandle
                0x20000768        0x4 ./FreeRTOS/Source/tasks.o
 .bss.xNextTaskUnblockTime
                0x2000076c        0x4 ./FreeRTOS/Source/tasks.o
 .bss.xNumOfOverflows
                0x20000770        0x4 ./FreeRTOS/Source/tasks.o
 .bss.xPendedTicks
                0x20000774        0x4 ./FreeRTOS/Source/tasks.o
 .bss.xPendingReadyList
                0x20000778       0x14 ./FreeRTOS/Source/tasks.o
 .bss.xSchedulerRunning
                0x2000078c        0x4 ./FreeRTOS/Source/tasks.o
 .bss.xSuspendedTaskList
                0x20000790       0x14 ./FreeRTOS/Source/tasks.o
 .bss.xTasksWaitingTermination
                0x200007a4       0x14 ./FreeRTOS/Source/tasks.o
 .bss.xTickCount
                0x200007b8        0x4 ./FreeRTOS/Source/tasks.o
 .bss.xYieldPending
                0x200007bc        0x4 ./FreeRTOS/Source/tasks.o
 .bss.ucHeap    0x200007c0     0x1b58 ./FreeRTOS/Source/portable/MemMang/heap_2.o
 .bss.xEnd      0x20002318        0x8 ./FreeRTOS/Source/portable/MemMang/heap_2.o
 .bss.xHeapHasBeenInitialised.6417
                0x20002320        0x4 ./FreeRTOS/Source/portable/MemMang/heap_2.o
 .bss.xStart    0x20002324        0x8 ./FreeRTOS/Source/portable/MemMang/heap_2.o
 *(COMMON)
 COMMON         0x2000232c       0x21 c:/ti/ccsv8/tools/compiler/gcc-arm-none-eabi-7-2017-q4-major-win32/bin/../lib/gcc/arm-none-eabi/7.2.1/../../../../arm-none-eabi/lib/thumb/v7e-m/fpv4-sp/hard\libg.a(lib_a-lock.o)
                0x2000232c                __lock___atexit_recursive_mutex
                0x20002330                __lock___arc4random_mutex
                0x20002334                __lock___env_recursive_mutex
                0x20002338                __lock___sinit_recursive_mutex
                0x2000233c                __lock___malloc_recursive_mutex
                0x20002340                __lock___at_quick_exit_mutex
                0x20002344                __lock___dd_hash_mutex
                0x20002348                __lock___tz_mutex
                0x2000234c                __lock___sfp_recursive_mutex
                0x20002350                . = ALIGN (0x4)
 *fill*         0x2000234d        0x3 
                0x20002350                __bss_end__ = .

.heap           0x20002350        0x0
                0x20002350                __heap_start__ = .
                0x20002350                end = __heap_start__
                0x20002350                _end = end
                0x20002350                __end = end
 *(.heap)
                0x20002350                __heap_end__ = .
                0x20002350                __HeapLimit = __heap_end__

.stack          0x20002350        0x0
                0x20002350                _stack = .
                0x20002350                __stack = .
 *(.stack)
START GROUP
LOAD c:/ti/ccsv8/tools/compiler/gcc-arm-none-eabi-7-2017-q4-major-win32/bin/../lib/gcc/arm-none-eabi/7.2.1/thumb/v7e-m/fpv4-sp/hard\libgcc.a
LOAD c:/ti/ccsv8/tools/compiler/gcc-arm-none-eabi-7-2017-q4-major-win32/bin/../lib/gcc/arm-none-eabi/7.2.1/../../../../arm-none-eabi/lib/thumb/v7e-m/fpv4-sp/hard\libg.a
LOAD c:/ti/ccsv8/tools/compiler/gcc-arm-none-eabi-7-2017-q4-major-win32/bin/../lib/gcc/arm-none-eabi/7.2.1/../../../../arm-none-eabi/lib/thumb/v7e-m/fpv4-sp/hard\libc.a
END GROUP
START GROUP
LOAD c:/ti/ccsv8/tools/compiler/gcc-arm-none-eabi-7-2017-q4-major-win32/bin/../lib/gcc/arm-none-eabi/7.2.1/thumb/v7e-m/fpv4-sp/hard\libgcc.a
LOAD c:/ti/ccsv8/tools/compiler/gcc-arm-none-eabi-7-2017-q4-major-win32/bin/../lib/gcc/arm-none-eabi/7.2.1/../../../../arm-none-eabi/lib/thumb/v7e-m/fpv4-sp/hard\libc.a
LOAD c:/ti/ccsv8/tools/compiler/gcc-arm-none-eabi-7-2017-q4-major-win32/bin/../lib/gcc/arm-none-eabi/7.2.1/../../../../arm-none-eabi/lib/thumb/v7e-m/fpv4-sp/hard\libnosys.a
END GROUP
LOAD c:/ti/ccsv8/tools/compiler/gcc-arm-none-eabi-7-2017-q4-major-win32/bin/../lib/gcc/arm-none-eabi/7.2.1/thumb/v7e-m/fpv4-sp/hard/crtend.o
LOAD c:/ti/ccsv8/tools/compiler/gcc-arm-none-eabi-7-2017-q4-major-win32/bin/../lib/gcc/arm-none-eabi/7.2.1/thumb/v7e-m/fpv4-sp/hard/crtn.o
OUTPUT(PanTiltEMB.out elf32-littlearm)

.ARM.attributes
                0x00000000       0x30
 .ARM.attributes
                0x00000000       0x22 c:/ti/ccsv8/tools/compiler/gcc-arm-none-eabi-7-2017-q4-major-win32/bin/../lib/gcc/arm-none-eabi/7.2.1/thumb/v7e-m/fpv4-sp/hard/crti.o
 .ARM.attributes
                0x00000022       0x34 c:/ti/ccsv8/tools/compiler/gcc-arm-none-eabi-7-2017-q4-major-win32/bin/../lib/gcc/arm-none-eabi/7.2.1/thumb/v7e-m/fpv4-sp/hard/crtbegin.o
 .ARM.attributes
                0x00000056       0x20 c:/ti/ccsv8/tools/compiler/gcc-arm-none-eabi-7-2017-q4-major-win32/bin/../lib/gcc/arm-none-eabi/7.2.1/../../../../arm-none-eabi/lib/thumb/v7e-m/fpv4-sp/hard/crt0.o
 .ARM.attributes
                0x00000076       0x39 ./adc.o
 .ARM.attributes
                0x000000af       0x39 ./gpio.o
 .ARM.attributes
                0x000000e8       0x39 ./leds.o
 .ARM.attributes
                0x00000121       0x39 ./main.o
 .ARM.attributes
                0x0000015a       0x39 ./spi_config.o
 .ARM.attributes
                0x00000193       0x39 ./status_led.o
 .ARM.attributes
                0x000001cc       0x39 ./tm4c123gh6pm_startup_ccs_gcc.o
 .ARM.attributes
                0x00000205       0x39 ./FreeRTOS/Source/croutine.o
 .ARM.attributes
                0x0000023e       0x39 ./FreeRTOS/Source/event_groups.o
 .ARM.attributes
                0x00000277       0x39 ./FreeRTOS/Source/list.o
 .ARM.attributes
                0x000002b0       0x39 ./FreeRTOS/Source/queue.o
 .ARM.attributes
                0x000002e9       0x39 ./FreeRTOS/Source/stream_buffer.o
 .ARM.attributes
                0x00000322       0x39 ./FreeRTOS/Source/tasks.o
 .ARM.attributes
                0x0000035b       0x39 ./FreeRTOS/Source/timers.o
 .ARM.attributes
                0x00000394       0x39 ./FreeRTOS/Source/portable/GCC/ARM_CM4F/port.o
 .ARM.attributes
                0x000003cd       0x39 ./FreeRTOS/Source/portable/MemMang/heap_2.o
 .ARM.attributes
                0x00000406       0x39 ./inc/systick_frt.o
 .ARM.attributes
                0x0000043f       0x34 c:/ti/ccsv8/tools/compiler/gcc-arm-none-eabi-7-2017-q4-major-win32/bin/../lib/gcc/arm-none-eabi/7.2.1/../../../../arm-none-eabi/lib/thumb/v7e-m/fpv4-sp/hard\libg.a(lib_a-exit.o)
 .ARM.attributes
                0x00000473       0x34 c:/ti/ccsv8/tools/compiler/gcc-arm-none-eabi-7-2017-q4-major-win32/bin/../lib/gcc/arm-none-eabi/7.2.1/../../../../arm-none-eabi/lib/thumb/v7e-m/fpv4-sp/hard\libg.a(lib_a-impure.o)
 .ARM.attributes
                0x000004a7       0x34 c:/ti/ccsv8/tools/compiler/gcc-arm-none-eabi-7-2017-q4-major-win32/bin/../lib/gcc/arm-none-eabi/7.2.1/../../../../arm-none-eabi/lib/thumb/v7e-m/fpv4-sp/hard\libg.a(lib_a-init.o)
 .ARM.attributes
                0x000004db       0x20 c:/ti/ccsv8/tools/compiler/gcc-arm-none-eabi-7-2017-q4-major-win32/bin/../lib/gcc/arm-none-eabi/7.2.1/../../../../arm-none-eabi/lib/thumb/v7e-m/fpv4-sp/hard\libg.a(lib_a-memcpy.o)
 .ARM.attributes
                0x000004fb       0x34 c:/ti/ccsv8/tools/compiler/gcc-arm-none-eabi-7-2017-q4-major-win32/bin/../lib/gcc/arm-none-eabi/7.2.1/../../../../arm-none-eabi/lib/thumb/v7e-m/fpv4-sp/hard\libg.a(lib_a-memset.o)
 .ARM.attributes
                0x0000052f       0x34 c:/ti/ccsv8/tools/compiler/gcc-arm-none-eabi-7-2017-q4-major-win32/bin/../lib/gcc/arm-none-eabi/7.2.1/../../../../arm-none-eabi/lib/thumb/v7e-m/fpv4-sp/hard\libg.a(lib_a-__call_atexit.o)
 .ARM.attributes
                0x00000563       0x34 c:/ti/ccsv8/tools/compiler/gcc-arm-none-eabi-7-2017-q4-major-win32/bin/../lib/gcc/arm-none-eabi/7.2.1/../../../../arm-none-eabi/lib/thumb/v7e-m/fpv4-sp/hard\libg.a(lib_a-atexit.o)
 .ARM.attributes
                0x00000597       0x34 c:/ti/ccsv8/tools/compiler/gcc-arm-none-eabi-7-2017-q4-major-win32/bin/../lib/gcc/arm-none-eabi/7.2.1/../../../../arm-none-eabi/lib/thumb/v7e-m/fpv4-sp/hard\libg.a(lib_a-fini.o)
 .ARM.attributes
                0x000005cb       0x34 c:/ti/ccsv8/tools/compiler/gcc-arm-none-eabi-7-2017-q4-major-win32/bin/../lib/gcc/arm-none-eabi/7.2.1/../../../../arm-none-eabi/lib/thumb/v7e-m/fpv4-sp/hard\libg.a(lib_a-lock.o)
 .ARM.attributes
                0x000005ff       0x34 c:/ti/ccsv8/tools/compiler/gcc-arm-none-eabi-7-2017-q4-major-win32/bin/../lib/gcc/arm-none-eabi/7.2.1/../../../../arm-none-eabi/lib/thumb/v7e-m/fpv4-sp/hard\libg.a(lib_a-__atexit.o)
 .ARM.attributes
                0x00000633       0x34 c:/ti/ccsv8/tools/compiler/gcc-arm-none-eabi-7-2017-q4-major-win32/bin/../lib/gcc/arm-none-eabi/7.2.1/../../../../arm-none-eabi/lib/thumb/v7e-m/fpv4-sp/hard\libnosys.a(_exit.o)
 .ARM.attributes
                0x00000667       0x34 c:/ti/ccsv8/tools/compiler/gcc-arm-none-eabi-7-2017-q4-major-win32/bin/../lib/gcc/arm-none-eabi/7.2.1/thumb/v7e-m/fpv4-sp/hard/crtend.o
 .ARM.attributes
                0x0000069b       0x22 c:/ti/ccsv8/tools/compiler/gcc-arm-none-eabi-7-2017-q4-major-win32/bin/../lib/gcc/arm-none-eabi/7.2.1/thumb/v7e-m/fpv4-sp/hard/crtn.o

.comment        0x00000000       0x7e
 .comment       0x00000000       0x7e ./adc.o
                                 0x7f (size before relaxing)
 .comment       0x0000007e       0x7f ./gpio.o
 .comment       0x0000007e       0x7f ./leds.o
 .comment       0x0000007e       0x7f ./main.o
 .comment       0x0000007e       0x7f ./spi_config.o
 .comment       0x0000007e       0x7f ./status_led.o
 .comment       0x0000007e       0x7f ./tm4c123gh6pm_startup_ccs_gcc.o
 .comment       0x0000007e       0x7f ./FreeRTOS/Source/croutine.o
 .comment       0x0000007e       0x7f ./FreeRTOS/Source/event_groups.o
 .comment       0x0000007e       0x7f ./FreeRTOS/Source/list.o
 .comment       0x0000007e       0x7f ./FreeRTOS/Source/queue.o
 .comment       0x0000007e       0x7f ./FreeRTOS/Source/stream_buffer.o
 .comment       0x0000007e       0x7f ./FreeRTOS/Source/tasks.o
 .comment       0x0000007e       0x7f ./FreeRTOS/Source/timers.o
 .comment       0x0000007e       0x7f ./FreeRTOS/Source/portable/GCC/ARM_CM4F/port.o
 .comment       0x0000007e       0x7f ./FreeRTOS/Source/portable/MemMang/heap_2.o
 .comment       0x0000007e       0x7f ./inc/systick_frt.o

.debug_info     0x00000000     0x843e
 .debug_info    0x00000000       0xc7 ./adc.o
 .debug_info    0x000000c7       0xaf ./gpio.o
 .debug_info    0x00000176      0x1d2 ./leds.o
 .debug_info    0x00000348       0xc7 ./main.o
 .debug_info    0x0000040f       0xf8 ./spi_config.o
 .debug_info    0x00000507       0xfc ./status_led.o
 .debug_info    0x00000603      0x190 ./tm4c123gh6pm_startup_ccs_gcc.o
 .debug_info    0x00000793       0x72 ./FreeRTOS/Source/croutine.o
 .debug_info    0x00000805      0xef2 ./FreeRTOS/Source/event_groups.o
 .debug_info    0x000016f7      0xae2 ./FreeRTOS/Source/list.o
 .debug_info    0x000021d9     0x17b4 ./FreeRTOS/Source/queue.o
 .debug_info    0x0000398d     0x14d3 ./FreeRTOS/Source/stream_buffer.o
 .debug_info    0x00004e60     0x1e67 ./FreeRTOS/Source/tasks.o
 .debug_info    0x00006cc7      0x8a7 ./FreeRTOS/Source/timers.o
 .debug_info    0x0000756e      0x2f8 ./FreeRTOS/Source/portable/GCC/ARM_CM4F/port.o
 .debug_info    0x00007866      0xb12 ./FreeRTOS/Source/portable/MemMang/heap_2.o
 .debug_info    0x00008378       0xc6 ./inc/systick_frt.o

.debug_abbrev   0x00000000     0x17ef
 .debug_abbrev  0x00000000       0x4c ./adc.o
 .debug_abbrev  0x0000004c       0x59 ./gpio.o
 .debug_abbrev  0x000000a5       0xb4 ./leds.o
 .debug_abbrev  0x00000159       0x69 ./main.o
 .debug_abbrev  0x000001c2       0x94 ./spi_config.o
 .debug_abbrev  0x00000256       0x86 ./status_led.o
 .debug_abbrev  0x000002dc       0xca ./tm4c123gh6pm_startup_ccs_gcc.o
 .debug_abbrev  0x000003a6       0x26 ./FreeRTOS/Source/croutine.o
 .debug_abbrev  0x000003cc      0x2e6 ./FreeRTOS/Source/event_groups.o
 .debug_abbrev  0x000006b2      0x217 ./FreeRTOS/Source/list.o
 .debug_abbrev  0x000008c9      0x2f8 ./FreeRTOS/Source/queue.o
 .debug_abbrev  0x00000bc1      0x2fc ./FreeRTOS/Source/stream_buffer.o
 .debug_abbrev  0x00000ebd      0x34f ./FreeRTOS/Source/tasks.o
 .debug_abbrev  0x0000120c      0x18b ./FreeRTOS/Source/timers.o
 .debug_abbrev  0x00001397      0x1a4 ./FreeRTOS/Source/portable/GCC/ARM_CM4F/port.o
 .debug_abbrev  0x0000153b      0x26a ./FreeRTOS/Source/portable/MemMang/heap_2.o
 .debug_abbrev  0x000017a5       0x4a ./inc/systick_frt.o

.debug_aranges  0x00000000      0x670
 .debug_aranges
                0x00000000       0x28 ./adc.o
 .debug_aranges
                0x00000028       0x20 ./gpio.o
 .debug_aranges
                0x00000048       0x48 ./leds.o
 .debug_aranges
                0x00000090       0x30 ./main.o
 .debug_aranges
                0x000000c0       0x30 ./spi_config.o
 .debug_aranges
                0x000000f0       0x28 ./status_led.o
 .debug_aranges
                0x00000118       0x38 ./tm4c123gh6pm_startup_ccs_gcc.o
 .debug_aranges
                0x00000150       0x18 ./FreeRTOS/Source/croutine.o
 .debug_aranges
                0x00000168       0x68 ./FreeRTOS/Source/event_groups.o
 .debug_aranges
                0x000001d0       0x40 ./FreeRTOS/Source/list.o
 .debug_aranges
                0x00000210       0xf0 ./FreeRTOS/Source/queue.o
 .debug_aranges
                0x00000300       0xc0 ./FreeRTOS/Source/stream_buffer.o
 .debug_aranges
                0x000003c0      0x1b0 ./FreeRTOS/Source/tasks.o
 .debug_aranges
                0x00000570       0x18 ./FreeRTOS/Source/timers.o
 .debug_aranges
                0x00000588       0x78 ./FreeRTOS/Source/portable/GCC/ARM_CM4F/port.o
 .debug_aranges
                0x00000600       0x40 ./FreeRTOS/Source/portable/MemMang/heap_2.o
 .debug_aranges
                0x00000640       0x30 ./inc/systick_frt.o

.debug_ranges   0x00000000      0x6e8
 .debug_ranges  0x00000000       0x18 ./adc.o
 .debug_ranges  0x00000018       0x10 ./gpio.o
 .debug_ranges  0x00000028       0x38 ./leds.o
 .debug_ranges  0x00000060       0x20 ./main.o
 .debug_ranges  0x00000080       0x20 ./spi_config.o
 .debug_ranges  0x000000a0       0x18 ./status_led.o
 .debug_ranges  0x000000b8       0x28 ./tm4c123gh6pm_startup_ccs_gcc.o
 .debug_ranges  0x000000e0       0x78 ./FreeRTOS/Source/event_groups.o
 .debug_ranges  0x00000158       0x30 ./FreeRTOS/Source/list.o
 .debug_ranges  0x00000188      0x188 ./FreeRTOS/Source/queue.o
 .debug_ranges  0x00000310       0xb0 ./FreeRTOS/Source/stream_buffer.o
 .debug_ranges  0x000003c0      0x270 ./FreeRTOS/Source/tasks.o
 .debug_ranges  0x00000630       0x68 ./FreeRTOS/Source/portable/GCC/ARM_CM4F/port.o
 .debug_ranges  0x00000698       0x30 ./FreeRTOS/Source/portable/MemMang/heap_2.o
 .debug_ranges  0x000006c8       0x20 ./inc/systick_frt.o

.debug_line     0x00000000     0x33e9
 .debug_line    0x00000000      0x141 ./adc.o
 .debug_line    0x00000141      0x120 ./gpio.o
 .debug_line    0x00000261      0x223 ./leds.o
 .debug_line    0x00000484       0x64 ./main.o
 .debug_line    0x000004e8      0x165 ./spi_config.o
 .debug_line    0x0000064d      0x1d7 ./status_led.o
 .debug_line    0x00000824      0x16d ./tm4c123gh6pm_startup_ccs_gcc.o
 .debug_line    0x00000991       0x1d ./FreeRTOS/Source/croutine.o
 .debug_line    0x000009ae      0x4b3 ./FreeRTOS/Source/event_groups.o
 .debug_line    0x00000e61      0x3a5 ./FreeRTOS/Source/list.o
 .debug_line    0x00001206      0x7b6 ./FreeRTOS/Source/queue.o
 .debug_line    0x000019bc      0x5c9 ./FreeRTOS/Source/stream_buffer.o
 .debug_line    0x00001f85      0xaea ./FreeRTOS/Source/tasks.o
 .debug_line    0x00002a6f      0x173 ./FreeRTOS/Source/timers.o
 .debug_line    0x00002be2      0x372 ./FreeRTOS/Source/portable/GCC/ARM_CM4F/port.o
 .debug_line    0x00002f54      0x346 ./FreeRTOS/Source/portable/MemMang/heap_2.o
 .debug_line    0x0000329a      0x14f ./inc/systick_frt.o

.debug_str      0x00000000     0x225a
 .debug_str     0x00000000      0x1bc ./adc.o
                                0x200 (size before relaxing)
 .debug_str     0x000001bc       0x1a ./gpio.o
                                0x1f9 (size before relaxing)
 .debug_str     0x000001d6       0x9c ./leds.o
                                0x295 (size before relaxing)
 .debug_str     0x00000272       0x25 ./main.o
                                0x201 (size before relaxing)
 .debug_str     0x00000297       0x40 ./spi_config.o
                                0x22b (size before relaxing)
 .debug_str     0x000002d7       0x30 ./status_led.o
                                0x244 (size before relaxing)
 .debug_str     0x00000307       0xbb ./tm4c123gh6pm_startup_ccs_gcc.o
                                0x28d (size before relaxing)
 .debug_str     0x000003c2       0x1e ./FreeRTOS/Source/croutine.o
                                0x1ed (size before relaxing)
 .debug_str     0x000003e0      0x73a ./FreeRTOS/Source/event_groups.o
                                0x98e (size before relaxing)
 .debug_str     0x00000b1a       0xa7 ./FreeRTOS/Source/list.o
                                0x722 (size before relaxing)
 .debug_str     0x00000bc1      0x529 ./FreeRTOS/Source/queue.o
                                0xc6b (size before relaxing)
 .debug_str     0x000010ea      0x468 ./FreeRTOS/Source/stream_buffer.o
                                0xb7e (size before relaxing)
 .debug_str     0x00001552      0xa0c ./FreeRTOS/Source/tasks.o
                               0x1239 (size before relaxing)
 .debug_str     0x00001f5e       0x1c ./FreeRTOS/Source/timers.o
                                0x5d1 (size before relaxing)
 .debug_str     0x00001f7a      0x138 ./FreeRTOS/Source/portable/GCC/ARM_CM4F/port.o
                                0x3b0 (size before relaxing)
 .debug_str     0x000020b2      0x161 ./FreeRTOS/Source/portable/MemMang/heap_2.o
                                0x76d (size before relaxing)
 .debug_str     0x00002213       0x47 ./inc/systick_frt.o
                                0x226 (size before relaxing)

.debug_frame    0x00000000     0x1238
 .debug_frame   0x00000000       0x30 ./adc.o
 .debug_frame   0x00000030       0x20 ./gpio.o
 .debug_frame   0x00000050       0x88 ./leds.o
 .debug_frame   0x000000d8       0x58 ./main.o
 .debug_frame   0x00000130       0x40 ./spi_config.o
 .debug_frame   0x00000170       0x38 ./status_led.o
 .debug_frame   0x000001a8       0x58 ./tm4c123gh6pm_startup_ccs_gcc.o
 .debug_frame   0x00000200      0x110 ./FreeRTOS/Source/event_groups.o
 .debug_frame   0x00000310       0x6c ./FreeRTOS/Source/list.o
 .debug_frame   0x0000037c      0x2f4 ./FreeRTOS/Source/queue.o
 .debug_frame   0x00000670      0x2a0 ./FreeRTOS/Source/stream_buffer.o
 .debug_frame   0x00000910      0x540 ./FreeRTOS/Source/tasks.o
 .debug_frame   0x00000e50       0xe8 ./FreeRTOS/Source/portable/GCC/ARM_CM4F/port.o
 .debug_frame   0x00000f38       0x80 ./FreeRTOS/Source/portable/MemMang/heap_2.o
 .debug_frame   0x00000fb8       0x40 ./inc/systick_frt.o
 .debug_frame   0x00000ff8       0x28 c:/ti/ccsv8/tools/compiler/gcc-arm-none-eabi-7-2017-q4-major-win32/bin/../lib/gcc/arm-none-eabi/7.2.1/../../../../arm-none-eabi/lib/thumb/v7e-m/fpv4-sp/hard\libg.a(lib_a-exit.o)
 .debug_frame   0x00001020       0x2c c:/ti/ccsv8/tools/compiler/gcc-arm-none-eabi-7-2017-q4-major-win32/bin/../lib/gcc/arm-none-eabi/7.2.1/../../../../arm-none-eabi/lib/thumb/v7e-m/fpv4-sp/hard\libg.a(lib_a-init.o)
 .debug_frame   0x0000104c       0x38 c:/ti/ccsv8/tools/compiler/gcc-arm-none-eabi-7-2017-q4-major-win32/bin/../lib/gcc/arm-none-eabi/7.2.1/../../../../arm-none-eabi/lib/thumb/v7e-m/fpv4-sp/hard\libg.a(lib_a-memset.o)
 .debug_frame   0x00001084       0x5c c:/ti/ccsv8/tools/compiler/gcc-arm-none-eabi-7-2017-q4-major-win32/bin/../lib/gcc/arm-none-eabi/7.2.1/../../../../arm-none-eabi/lib/thumb/v7e-m/fpv4-sp/hard\libg.a(lib_a-__call_atexit.o)
 .debug_frame   0x000010e0       0x20 c:/ti/ccsv8/tools/compiler/gcc-arm-none-eabi-7-2017-q4-major-win32/bin/../lib/gcc/arm-none-eabi/7.2.1/../../../../arm-none-eabi/lib/thumb/v7e-m/fpv4-sp/hard\libg.a(lib_a-atexit.o)
 .debug_frame   0x00001100       0x34 c:/ti/ccsv8/tools/compiler/gcc-arm-none-eabi-7-2017-q4-major-win32/bin/../lib/gcc/arm-none-eabi/7.2.1/../../../../arm-none-eabi/lib/thumb/v7e-m/fpv4-sp/hard\libg.a(lib_a-fini.o)
 .debug_frame   0x00001134       0xb0 c:/ti/ccsv8/tools/compiler/gcc-arm-none-eabi-7-2017-q4-major-win32/bin/../lib/gcc/arm-none-eabi/7.2.1/../../../../arm-none-eabi/lib/thumb/v7e-m/fpv4-sp/hard\libg.a(lib_a-lock.o)
 .debug_frame   0x000011e4       0x34 c:/ti/ccsv8/tools/compiler/gcc-arm-none-eabi-7-2017-q4-major-win32/bin/../lib/gcc/arm-none-eabi/7.2.1/../../../../arm-none-eabi/lib/thumb/v7e-m/fpv4-sp/hard\libg.a(lib_a-__atexit.o)
 .debug_frame   0x00001218       0x20 c:/ti/ccsv8/tools/compiler/gcc-arm-none-eabi-7-2017-q4-major-win32/bin/../lib/gcc/arm-none-eabi/7.2.1/../../../../arm-none-eabi/lib/thumb/v7e-m/fpv4-sp/hard\libnosys.a(_exit.o)

.debug_loc      0x00000000     0x324c
 .debug_loc     0x00000000       0x5f ./leds.o
 .debug_loc     0x0000005f       0x13 ./spi_config.o
 .debug_loc     0x00000072       0x13 ./status_led.o
 .debug_loc     0x00000085       0x26 ./tm4c123gh6pm_startup_ccs_gcc.o
 .debug_loc     0x000000ab      0x4b8 ./FreeRTOS/Source/event_groups.o
 .debug_loc     0x00000563       0x62 ./FreeRTOS/Source/list.o
 .debug_loc     0x000005c5      0xc4f ./FreeRTOS/Source/queue.o
 .debug_loc     0x00001214      0xe39 ./FreeRTOS/Source/stream_buffer.o
 .debug_loc     0x0000204d     0x1065 ./FreeRTOS/Source/tasks.o
 .debug_loc     0x000030b2       0x31 ./FreeRTOS/Source/portable/GCC/ARM_CM4F/port.o
 .debug_loc     0x000030e3      0x169 ./FreeRTOS/Source/portable/MemMang/heap_2.o
